== 2026-09-24T16:13:33+04:00 change detected
tables written; 12 result groups used
wrote teaser
wrote horizon
mechanism figure from episode droid-c70170b3ca00f756c4bb35c8
wrote interpret
wrote segments: ['droid', 'openh_hamlyn']
wrote setting [('droid-3ec62e162d6c12845d3904ad', 2, 56.30238056182861), ('needle_grasp_and_handover__000134', 17, 42.609384655952454)]
wrote geometry
wrote anatomy
skill per k B [24.8 26.3 26.2 25.9 25.7 25.2 24.4 23.5 22.6 21.9] C [36.3 37.5 37.4 37.3 37.  36.8 36.3 35.7 35.4 35. ]
wrote vjepa_plugin
wrote flow
wrote gain
wrote tradeoff
wrote qualitative
wrote gallery_droid
wrote gallery_surgical
wrote failures
pages: 0 (built OK)
remote: Updating references: 100% (1/1)           remote: Updating references: 100% (1/1)        
Overleaf synced: 0547ead Auto-refresh from completed runs
== 2026-09-24T16:41:58+04:00 change detected
tables written; 12 result groups used
wrote teaser
wrote horizon
mechanism figure from episode droid-c70170b3ca00f756c4bb35c8
wrote interpret
wrote segments: ['droid', 'openh_hamlyn']
wrote setting [('droid-3ec62e162d6c12845d3904ad', 2, 56.30238056182861), ('needle_grasp_and_handover__000134', 17, 42.609384655952454)]
wrote geometry
wrote anatomy
skill per k B [24.8 26.3 26.2 25.9 25.7 25.2 24.4 23.5 22.6 21.9] C [36.3 37.5 37.4 37.3 37.  36.8 36.3 35.7 35.4 35. ]
wrote vjepa_plugin
wrote flow
wrote gain
wrote tradeoff
wrote qualitative
wrote gallery_droid
wrote gallery_surgical
srun: Job step aborted: Waiting up to 32 seconds for job step to finish.
[2026-09-24T17:04:18.018] error: *** STEP 6940.11 ON gpu76 CANCELLED AT 2026-09-24T17:04:18 DUE to SIGNAL Terminated ***
srun: error: gpu76: task 0: Terminated
== 2026-09-24T17:14:19+04:00 change detected
tables written; 12 result groups used
wrote teaser
wrote horizon
mechanism figure from episode droid-c70170b3ca00f756c4bb35c8
wrote interpret
wrote segments: ['droid', 'openh_hamlyn']
wrote setting [('droid-3ec62e162d6c12845d3904ad', 2, 56.30238056182861), ('needle_grasp_and_handover__000134', 17, 42.609384655952454)]
wrote geometry
wrote anatomy
skill per k B [24.8 26.3 26.2 25.9 25.7 25.2 24.4 23.5 22.6 21.9] C [36.3 37.5 37.4 37.3 37.  36.8 36.3 35.7 35.4 35. ]
wrote vjepa_plugin
wrote flow
wrote gain
wrote tradeoff
wrote qualitative
wrote gallery_droid
wrote gallery_surgical
wrote failures
pages: 0 (built OK)
remote: Updating references: 100% (1/1)           remote: Updating references: 100% (1/1)        
Overleaf synced: f18f64c Auto-refresh from completed runs
== 2026-09-24T17:41:52+04:00 change detected
tables written; 12 result groups used
wrote teaser
wrote horizon
mechanism figure from episode droid-c70170b3ca00f756c4bb35c8
wrote interpret
wrote segments: ['droid', 'openh_hamlyn']
wrote setting [('droid-3ec62e162d6c12845d3904ad', 2, 56.30238056182861), ('needle_grasp_and_handover__000134', 17, 42.609384655952454)]
wrote geometry
wrote anatomy
skill per k B [24.8 26.3 26.2 25.9 25.7 25.2 24.4 23.5 22.6 21.9] C [36.3 37.5 37.4 37.3 37.  36.8 36.3 35.7 35.4 35. ]
wrote vjepa_plugin
wrote flow
wrote gain
wrote tradeoff
srun: Job step aborted: Waiting up to 32 seconds for job step to finish.
[2026-09-24T17:46:34.719] error: *** STEP 6995.6 ON gpu76 CANCELLED AT 2026-09-24T17:46:34 DUE to SIGNAL Terminated ***
srun: error: gpu76: task 0: Terminated
== 2026-09-24T18:26:36+04:00 change detected
tables written; 12 result groups used
wrote teaser
wrote horizon
mechanism figure from episode droid-c70170b3ca00f756c4bb35c8
wrote interpret
wrote segments: ['droid', 'openh_hamlyn']
wrote setting [('droid-3ec62e162d6c12845d3904ad', 2, 56.30238056182861), ('needle_grasp_and_handover__000134', 17, 42.609384655952454)]
wrote geometry
wrote anatomy
skill per k B [24.8 26.3 26.2 25.9 25.7 25.2 24.4 23.5 22.6 21.9] C [36.3 37.5 37.4 37.3 37.  36.8 36.3 35.7 35.4 35. ]
wrote vjepa_plugin
wrote flow
wrote gain
wrote tradeoff
wrote qualitative
srun: Job step aborted: Waiting up to 32 seconds for job step to finish.
[2026-09-24T18:34:55.245] error: *** STEP 6858.1 ON gpu76 FAILED (non-zero exit code or other failure mode) ***
srun: error: gpu76: task 0: Terminated
== 2026-09-24T18:44:56+04:00 change detected
tables written; 12 result groups used
wrote teaser
wrote horizon
mechanism figure from episode droid-c70170b3ca00f756c4bb35c8
wrote interpret
wrote segments: ['droid', 'openh_hamlyn']
wrote setting [('droid-3ec62e162d6c12845d3904ad', 2, 56.30238056182861), ('needle_grasp_and_handover__000134', 17, 42.609384655952454)]
wrote geometry
wrote anatomy
skill per k B [24.8 26.3 26.2 25.9 25.7 25.2 24.4 23.5 22.6 21.9] C [36.3 37.5 37.4 37.3 37.  36.8 36.3 35.7 35.4 35. ]
wrote vjepa_plugin
wrote flow
wrote gain
wrote tradeoff
wrote qualitative
wrote gallery_droid
wrote gallery_surgical
wrote failures
pages: 0 (built OK)
